2025-05-20 10:38:57,383 - INFO - Starting training process
2025-05-20 10:38:58,690 - INFO - Dataset loaded successfully
2025-05-20 10:38:59,022 - INFO - Categorical features encoded
2025-05-20 10:40:15,489 - INFO - Selected top 10 features: ['sbytes', 'smean', 'ct_srv_dst', 'sload', 'sttl', 'ct_dst_src_ltm', 'service_dns', 'ct_srv_src', 'ct_dst_sport_ltm', 'service_-']
2025-05-20 10:40:15,643 - INFO - Features scaled
2025-05-20 10:40:15,739 - INFO - Target labels encoded
2025-05-20 10:40:15,743 - INFO - Scaler, encoder, and selected features saved
2025-05-20 10:40:19,161 - INFO - Data split into train and test sets
2025-05-20 10:40:19,162 - INFO - ANFIS initialized with 2 memberships, 16 rules, 10 classes
2025-05-20 10:40:19,189 - INFO - Parameters initialized
2025-05-20 10:40:20,540 - INFO - Epoch 0, Accuracy: 0.0992, Loss: 2.2997
2025-05-20 10:40:48,092 - INFO - Epoch 10, Accuracy: 0.5737, Loss: 7.7480
2025-05-20 10:41:15,268 - INFO - Epoch 20, Accuracy: 0.6125, Loss: 6.8994
2025-05-20 10:41:42,267 - INFO - Epoch 30, Accuracy: 0.6530, Loss: 5.6141
2025-05-20 10:42:09,323 - INFO - Epoch 40, Accuracy: 0.6821, Loss: 5.0347
2025-05-20 10:42:36,385 - INFO - Epoch 50, Accuracy: 0.7111, Loss: 4.6101
2025-05-20 10:43:03,465 - INFO - Epoch 60, Accuracy: 0.7296, Loss: 4.0154
2025-05-20 10:43:31,152 - INFO - Epoch 70, Accuracy: 0.7420, Loss: 3.6941
2025-05-20 10:43:58,423 - INFO - Epoch 80, Accuracy: 0.7581, Loss: 3.4726
2025-05-20 10:44:25,482 - INFO - Epoch 90, Accuracy: 0.7679, Loss: 3.0600
2025-05-20 10:54:25,464 - INFO - Training completed with best accuracy: 0.8603
2025-05-20 10:54:26,390 - INFO - Training metrics plot saved as training_metrics.png
2025-05-20 10:54:26,411 - INFO - Model saved to anfis_model.pkl
2025-05-20 10:54:26,413 - INFO - Training process completed
2025-05-20 11:07:32,612 - INFO - Starting prediction process
2025-05-20 11:07:34,646 - INFO - Model, scaler, encoder, and selected features loaded successfully
2025-05-20 11:07:34,646 - INFO - ANFIS initialized with 2 memberships, 16 rules, 10 classes
2025-05-20 11:07:34,646 - INFO - Launching GUI for custom input prediction
2025-05-20 11:07:34,794 - INFO - GUI launched
2025-05-20 11:07:37,037 - INFO - Example record loaded
2025-05-20 11:07:39,316 - INFO - User input received: ['1', '0.1', 'tcp', 'http', 'FIN', '10', '8', '500', '400', '100', '1', '1', '1000', '800', '2', '1', '0.01', '0.02', '50', '20', '255', '0', '0', '255', '0.001', '0.0005', '0.0005', '50', '40', '0', '0', '2', '1', '2', '2', '2', '2', '0', '0', '0', '2', '2', '0']
2025-05-20 11:07:39,354 - INFO - Categorical features encoded
2025-05-20 11:07:39,364 - INFO - Input features scaled
2025-05-20 11:07:39,371 - INFO - Predicted attack type: Normal
2025-05-20 11:07:43,166 - INFO - Prediction process completed
2025-05-20 12:59:36,711 - INFO - Starting prediction process
2025-05-20 12:59:49,749 - INFO - Model, scaler, encoder, and selected features loaded successfully
2025-05-20 12:59:49,750 - INFO - ANFIS initialized with 2 memberships, 16 rules, 10 classes
2025-05-20 12:59:49,750 - INFO - Launching GUI for custom input prediction
2025-05-20 12:59:50,621 - INFO - GUI launched
2025-05-20 13:00:07,282 - INFO - Help window opened
2025-05-20 13:00:26,334 - INFO - Example record loaded
2025-05-20 13:00:30,631 - INFO - User input received: ['1', '0.1', 'tcp', 'http', 'FIN', '10', '8', '500', '400', '100', '1', '1', '1000', '800', '2', '1', '0.01', '0.02', '50', '20', '255', '0', '0', '255', '0.001', '0.0005', '0.0005', '50', '40', '0', '0', '2', '1', '2', '2', '2', '2', '0', '0', '0', '2', '2', '0']
2025-05-20 13:00:30,691 - INFO - Categorical features encoded
2025-05-20 13:00:30,702 - INFO - Input features scaled
2025-05-20 13:00:30,712 - INFO - Predicted attack type: Normal
2025-05-20 13:00:48,859 - INFO - Prediction history saved to prediction_history.txt
2025-05-20 13:00:54,348 - INFO - User input received: ['1', '0.1', 'tcp', 'http', 'FIN', '10', '8', '500', '400', '100', '1', '1', '1000', '800', '2', '1', '0.01', '0.02', '50', '20', '255', '0', '0', '255', '0.001', '0.0005', '0.0005', '50', '40', '0', '0', '2', '1', '2', '2', '2', '2', '0', '0', '0', '2', '2', '0']
2025-05-20 13:00:54,359 - INFO - Categorical features encoded
2025-05-20 13:00:54,365 - INFO - Input features scaled
2025-05-20 13:00:54,369 - INFO - Predicted attack type: Normal
2025-05-20 13:00:58,859 - INFO - Prediction history cleared
2025-05-20 13:01:02,304 - INFO - Input field cleared
2025-05-20 13:01:08,211 - INFO - GUI closed
2025-05-20 13:01:08,287 - INFO - Prediction process completed
2025-05-20 13:58:07,974 - INFO - Starting prediction process
2025-05-20 13:58:11,183 - INFO - Model, scaler, encoder, and selected features loaded successfully
2025-05-20 13:58:11,183 - INFO - ANFIS initialized with 2 memberships, 16 rules, 10 classes
2025-05-20 13:58:11,184 - INFO - Launching GUI for custom input prediction
2025-05-20 13:58:11,423 - INFO - GUI launched
2025-05-20 13:58:46,168 - INFO - Example record loaded
2025-05-20 13:58:50,228 - INFO - User input received: ['1', '0.1', 'tcp', 'http', 'FIN', '10', '8', '500', '400', '100', '1', '1', '1000', '800', '2', '1', '0.01', '0.02', '50', '20', '255', '0', '0', '255', '0.001', '0.0005', '0.0005', '50', '40', '0', '0', '2', '1', '2', '2', '2', '2', '0', '0', '0', '2', '2', '0']
2025-05-20 13:58:50,286 - INFO - Categorical features encoded
2025-05-20 13:58:50,296 - INFO - Input features scaled
2025-05-20 13:58:50,304 - INFO - Predicted attack type: Normal
2025-05-20 13:58:58,408 - INFO - User input received: ['1', '0.1', 'tcp', 'http', 'FIN', '10', '8', '500', '400', '100', '1', '1', '1000', '800', '2', '1', '0.01', '0.02', '50', '20', '255', '0', '0', '255', '0.001', '0.0005', '0.0005', '50', '40', '0', '0', '2', '1', '2', '2', '2', '2', '0', '0', '0', '2', '2', '0']
2025-05-20 13:58:58,420 - INFO - Categorical features encoded
2025-05-20 13:58:58,427 - INFO - Input features scaled
2025-05-20 13:58:58,430 - INFO - Predicted attack type: Normal
2025-05-20 13:59:02,240 - INFO - Prediction history saved to prediction_history.txt
2025-05-20 14:01:02,853 - INFO - User input received: ['52902', '1.314819', 'tcp', '-', 'FIN', '12', '10', '994', '820', '15.97178', '254', '252', '5549.052734', '4490.352051', '3', '2', '116.756271', '136.498672', '6705.755459', '193.272672', '255', '2925404450', '954892438', '255', '0.205944', '0.086321', '0.119623', '83', '82', '0', '0', '2', '1', '1', '1', '1', '1', '0', '0', '0', '1', '1', '0']
2025-05-20 14:01:15,926 - INFO - Starting prediction process
2025-05-20 14:01:18,189 - INFO - Model, scaler, encoder, and selected features loaded successfully
2025-05-20 14:01:18,190 - INFO - ANFIS initialized with 2 memberships, 16 rules, 10 classes
2025-05-20 14:01:18,190 - INFO - Launching GUI for custom input prediction
2025-05-20 14:01:18,396 - INFO - GUI launched
2025-05-20 14:01:28,635 - INFO - User input received: ['52902', '1.314819', 'tcp', '-', 'FIN', '12', '10', '994', '820', '15.97178', '254', '252', '5549.052734', '4490.352051', '3', '2', '116.756271', '136.498672', '6705.755459', '193.272672', '255', '2925404450', '954892438', '255', '0.205944', '0.086321', '0.119623', '83', '82', '0', '0', '2', '1', '1', '1', '1', '1', '0', '0', '0', '1', '1', '0']
2025-05-20 14:01:28,648 - INFO - Categorical features encoded
2025-05-20 14:01:28,656 - INFO - Input features scaled
2025-05-20 14:01:28,659 - INFO - Predicted attack type: Reconnaissance
2025-05-20 15:31:30,881 - INFO - Starting prediction process
2025-05-20 15:31:33,176 - INFO - Model, scaler, encoder, and selected features loaded successfully
2025-05-20 15:31:33,177 - INFO - ANFIS initialized with 2 memberships, 16 rules, 10 classes
2025-05-20 15:31:33,177 - INFO - Launching GUI for custom input prediction
2025-05-20 15:31:33,375 - INFO - GUI launched
2025-05-20 15:31:48,745 - INFO - Example record loaded
2025-05-20 15:31:50,179 - INFO - User input received: ['1', '0.1', 'tcp', 'http', 'FIN', '10', '8', '500', '400', '100', '1', '1', '1000', '800', '2', '1', '0.01', '0.02', '50', '20', '255', '0', '0', '255', '0.001', '0.0005', '0.0005', '50', '40', '0', '0', '2', '1', '2', '2', '2', '2', '0', '0', '0', '2', '2', '0']
2025-05-20 15:31:50,188 - INFO - Categorical features encoded
2025-05-20 15:31:50,195 - INFO - Input features scaled
2025-05-20 15:31:50,198 - INFO - Predicted attack type: Normal
2025-05-20 15:31:51,863 - INFO - User input received: ['1', '0.1', 'tcp', 'http', 'FIN', '10', '8', '500', '400', '100', '1', '1', '1000', '800', '2', '1', '0.01', '0.02', '50', '20', '255', '0', '0', '255', '0.001', '0.0005', '0.0005', '50', '40', '0', '0', '2', '1', '2', '2', '2', '2', '0', '0', '0', '2', '2', '0']
2025-05-20 15:31:51,871 - INFO - Categorical features encoded
2025-05-20 15:31:51,876 - INFO - Input features scaled
2025-05-20 15:31:51,879 - INFO - Predicted attack type: Normal
2025-05-21 11:48:08,708 - INFO - Prediction process completed
2025-05-22 22:41:37,203 - INFO - Starting prediction process
2025-05-22 22:42:08,320 - INFO - Starting prediction process
2025-05-22 22:42:24,139 - INFO - Starting prediction process
2025-05-22 22:43:29,000 - INFO - Starting prediction process
2025-05-22 22:43:59,209 - INFO - Starting prediction process
2025-05-22 22:56:21,626 - INFO - Starting prediction process
2025-05-22 22:56:54,582 - INFO - Starting prediction process
2025-05-22 23:00:18,472 - INFO - Starting prediction process
2025-05-22 23:00:27,257 - INFO - Model, scaler, encoder, and selected features loaded successfully
2025-05-22 23:00:27,257 - INFO - ANFIS initialized with 2 memberships, 16 rules, 10 classes
2025-05-22 23:00:27,257 - INFO - Launching GUI for custom input prediction
2025-05-22 23:00:28,129 - INFO - GUI launched
2025-05-22 23:01:09,043 - INFO - Example record loaded
2025-05-22 23:01:09,634 - INFO - User input received: ['1', '0.1', 'tcp', 'http', 'FIN', '10', '8', '500', '400', '100', '1', '1', '1000', '800', '2', '1', '0.01', '0.02', '50', '20', '255', '0', '0', '255', '0.001', '0.0005', '0.0005', '50', '40', '0', '0', '2', '1', '2', '2', '2', '2', '0', '0', '0', '2', '2', '0']
2025-05-22 23:01:09,672 - INFO - Categorical features encoded
2025-05-22 23:01:09,678 - INFO - Input features scaled
2025-05-22 23:01:09,685 - INFO - Predicted attack type: Normal
2025-05-22 23:01:35,200 - INFO - Prediction process completed
